// Jest Snapshot v1, https://goo.gl/fbAQLP

exports[`Cell.vue should render correctly 1`] = `<input>`;
